   CALL_ID    ATTEMPTS    TICKETS_SENT    TICKETS_ANSWERED    ELAPSED_MS
__________ ___________ _______________ ___________________ _____________
        47           1              25                  25          6115
        48           1              25                  25          5635
        49           1              25                  25          3844
        50           1              25                  25          3739
        51           1              25                  25          4323
        52           1              25                  25          4946
        53           1              25                  25          4930
        54           1              25                   1          1816
        55           1              25                  25          4488
        56           1              25                  25          4403
        57           1              25                  25          4732
        58           1              25                  25          6322
        59           1              25                  25          3716
        60           1              25                  25          4667
        61           1              25                  25          5313
        62           1              25                  25          3695
        63           1              24                  24          6424

17 rows selected.
